; Num_table : 1     ; Count
74577 
16 
 ; 8  ; 37559
 ; 43  ; 3792
 ; 6  ; 3855
 ; 9  ; 4148
 ; 39  ; 3886
 ; 38  ; 4226
 ; 23  ; 3347
 ; 37  ; 3918
 ; 14  ; 3681
 ; 41  ; 3781
 ; 648  ; 333
 ; 1241  ; 438
 ; 59  ; 424
 ; 56  ; 511
 ; 380  ; 395
 ; 44  ; 283
