SELECT . table_1 champ_1
FROM , table_1 table_6
WHERE AND K_JEQ . table_6 champ_1 . table_1 champ_1 IN . table_1 champ_1 , K_VALUE 'pqrmnodef' , K_VALUE 'pqrmnoghi' , K_VALUE 'pqrmnojkl' , K_VALUE 'pqrmnomno' , K_VALUE 'pqrmnopqr' , K_VALUE 'pqrmnostu' , K_VALUE 'pqrmnovwx' , K_VALUE 'pqrmnoyz' , K_VALUE 'pqrpqrabc' , K_VALUE 'pqrpqrdef' , K_VALUE 'pqrpqrghi' , K_VALUE 'pqrpqrjkl' , K_VALUE 'pqrpqrmno' , K_VALUE 'pqrpqrpqr' , K_VALUE 'pqrpqrstu' , K_VALUE 'pqrpqrvwx' , K_VALUE 'pqrpqryz' , K_VALUE 'pqrstuabc' , K_VALUE 'pqrstudef' , K_VALUE 'pqrstughi' , K_VALUE 'pqrstujkl' , K_VALUE 'pqrstumno' , K_VALUE 'pqrstupqr' , K_VALUE 'pqrstustu' , K_VALUE 'pqrstuvwx' , K_VALUE 'pqrstuyz' , K_VALUE 'pqrvwxabc' , K_VALUE 'pqrvwxdef' , K_VALUE 'pqrvwxghi' , K_VALUE 'pqrvwxjkl' , K_VALUE 'pqrvwxmno' , K_VALUE 'pqrvwxpqr' , K_VALUE 'pqrvwxstu' , K_VALUE 'pqrvwxvwx' , K_VALUE 'pqrvwxyz' , K_VALUE 'pqryzabc' , K_VALUE 'pqryzdef' , K_VALUE 'pqryzghi' , K_VALUE 'pqryzjkl' , K_VALUE 'pqryzmno' , K_VALUE 'pqryzpqr' , K_VALUE 'pqryzstu' , K_VALUE 'pqryzvwx' , K_VALUE 'pqryzyz' , K_VALUE 'stuabcabc' , K_VALUE 'stuabcdef' , K_VALUE 'stuabcghi' , K_VALUE 'stuabcjkl' , K_VALUE 'stuabcmno' , K_VALUE 'stuabcpqr' , K_VALUE 'stuabcstu' , K_VALUE 'stuabcvwx' , K_VALUE 'stuabcyz' , K_VALUE 'studefabc' , K_VALUE 'studefdef' , K_VALUE 'studefghi' , K_VALUE 'studefjkl' , K_VALUE 'studefmno' , K_VALUE 'studefpqr' , K_VALUE 'studefstu' , K_VALUE 'studefvwx' , K_VALUE 'studefyz' , K_VALUE 'stughiabc' , K_VALUE 'stughidef' , K_VALUE 'stughighi' , K_VALUE 'stughijkl' , K_VALUE 'stughimno' , K_VALUE 'stughipqr' , K_VALUE 'stughistu' , K_VALUE 'stughivwx' , K_VALUE 'stughiyz' , K_VALUE 'stujklabc' , K_VALUE 'stujkldef' , K_VALUE 'stujklghi' , K_VALUE 'stujkljkl' , K_VALUE 'stujklmno' , K_VALUE 'stujklpqr' , K_VALUE 'stujklstu' , K_VALUE 'stujklvwx' , K_VALUE 'stujklyz' , K_VALUE 'stumnoabc' , K_VALUE 'stumnodef' , K_VALUE 'stumnoghi' , K_VALUE 'stumnojkl' , K_VALUE 'stumnomno' , K_VALUE 'stumnopqr' , K_VALUE 'stumnostu' , K_VALUE 'stumnovwx' , K_VALUE 'stumnoyz' , K_VALUE 'stupqrabc' , K_VALUE 'stupqrdef' , K_VALUE 'stupqrghi' , K_VALUE 'stupqrjkl' , K_VALUE 'stupqrmno' , K_VALUE 'stupqrpqr' , K_VALUE 'stupqrstu' , K_VALUE 'stupqrvwx' , K_VALUE 'stupqryz' , K_VALUE 'stustuabc' , K_VALUE 'stustudef' , K_VALUE 'stustughi' , K_VALUE 'stustujkl' , K_VALUE 'stustumno' , K_VALUE 'stustupqr' , K_VALUE 'stustustu' , K_VALUE 'stustuvwx' , K_VALUE 'stustuyz' , K_VALUE 'stuvwxabc' , K_VALUE 'stuvwxdef' , K_VALUE 'stuvwxghi' , K_VALUE 'stuvwxjkl' , K_VALUE 'stuvwxmno' , K_VALUE 'stuvwxpqr' , K_VALUE 'stuvwxstu' , K_VALUE 'stuvwxvwx' , K_VALUE 'stuvwxyz' , K_VALUE 'stuyzabc' , K_VALUE 'stuyzdef' , K_VALUE 'stuyzghi' , K_VALUE 'stuyzjkl' , K_VALUE 'stuyzmno' , K_VALUE 'stuyzpqr' , K_VALUE 'stuyzstu' , K_VALUE 'stuyzvwx' , K_VALUE 'stuyzyz' , K_VALUE 'vwxabcabc' , K_VALUE 'vwxabcdef' , K_VALUE 'vwxabcghi' , K_VALUE 'vwxabcjkl' , K_VALUE 'vwxabcmno' , K_VALUE 'vwxabcpqr' , K_VALUE 'vwxabcstu' , K_VALUE 'vwxabcvwx' , K_VALUE 'vwxabcyz' , K_VALUE 'vwxdefabc' , K_VALUE 'vwxdefdef' , K_VALUE 'vwxdefghi' , K_VALUE 'vwxdefjkl' , K_VALUE 'vwxdefmno' , K_VALUE 'vwxdefpqr' , K_VALUE 'vwxdefstu' , K_VALUE 'vwxdefvwx' , K_VALUE 'vwxdefyz' , K_VALUE 'vwxghiabc' , K_VALUE 'vwxghidef' , K_VALUE 'vwxghighi' , K_VALUE 'vwxghijkl' , K_VALUE 'vwxghimno' , K_VALUE 'vwxghipqr' , K_VALUE 'vwxghistu' , K_VALUE 'vwxghivwx' , K_VALUE 'vwxghiyz' , K_VALUE 'vwxjklabc' , K_VALUE 'vwxjkldef' , K_VALUE 'vwxjklghi' , K_VALUE 'vwxjkljkl' , K_VALUE 'vwxjklmno' , K_VALUE 'vwxjklpqr' , K_VALUE 'vwxjklstu' , K_VALUE 'vwxjklvwx' , K_VALUE 'vwxjklyz' , K_VALUE 'vwxmnoabc' , K_VALUE 'vwxmnodef' , K_VALUE 'vwxmnoghi' , K_VALUE 'vwxmnojkl' , K_VALUE 'vwxmnomno' , K_VALUE 'vwxmnopqr' , K_VALUE 'vwxmnostu' , K_VALUE 'vwxmnovwx' , K_VALUE 'vwxmnoyz' , K_VALUE 'vwxpqrabc' , K_VALUE 'vwxpqrdef' , K_VALUE 'vwxpqrghi' , K_VALUE 'vwxpqrjkl' , K_VALUE 'vwxpqrmno' , K_VALUE 'vwxpqrpqr' , K_VALUE 'vwxpqrstu' , K_VALUE 'vwxpqrvwx' , K_VALUE 'vwxpqryz' , K_VALUE 'vwxstuabc' , K_VALUE 'vwxstudef' , K_VALUE 'vwxstughi' , K_VALUE 'vwxstujkl' , K_VALUE 'vwxstumno' , K_VALUE 'vwxstupqr' , K_VALUE 'vwxstustu' , K_VALUE 'vwxstuvwx' , K_VALUE 'vwxstuyz' , K_VALUE 'vwxvwxabc' , K_VALUE 'vwxvwxdef' , K_VALUE 'vwxvwxghi' , K_VALUE 'vwxvwxjkl' , K_VALUE 'vwxvwxmno' , K_VALUE 'vwxvwxpqr' , K_VALUE 'vwxvwxstu' , K_VALUE 'vwxvwxvwx' , K_VALUE 'vwxvwxyz' , K_VALUE 'vwxyzabc' , K_VALUE 'vwxyzdef' , K_VALUE 'vwxyzghi' , K_VALUE 'vwxyzjkl' , K_VALUE 'vwxyzmno' , K_VALUE 'vwxyzpqr' , K_VALUE 'vwxyzstu' , K_VALUE 'vwxyzvwx' , K_VALUE 'vwxyzyz' , K_VALUE 'yzabcabc' , K_VALUE 'yzabcdef' , K_VALUE 'yzabcghi' , K_VALUE 'yzabcjkl' , K_VALUE 'yzabcmno' , K_VALUE 'yzabcpqr' , K_VALUE 'yzabcstu' , K_VALUE 'yzabcvwx' , K_VALUE 'yzabcyz' , K_VALUE 'yzdefabc' , K_VALUE 'yzdefdef' , K_VALUE 'yzdefghi' , K_VALUE 'yzdefjkl' , K_VALUE 'yzdefmno' , K_VALUE 'yzdefpqr' , K_VALUE 'yzdefstu' , K_VALUE 'yzdefvwx' , K_VALUE 'yzdefyz' , K_VALUE 'yzghiabc' , K_VALUE 'yzghidef' , K_VALUE 'yzghighi' , K_VALUE 'yzghijkl' , K_VALUE 'yzghimno' , K_VALUE 'yzghipqr' , K_VALUE 'yzghistu' , K_VALUE 'yzghivwx' , K_VALUE 'yzghiyz' , K_VALUE 'yzjklabc' , K_VALUE 'yzjkldef' , K_VALUE 'yzjklghi' , K_VALUE 'yzjkljkl' , K_VALUE 'yzjklmno' , K_VALUE 'yzjklpqr' , K_VALUE 'yzjklstu' , K_VALUE 'yzjklvwx' , K_VALUE 'yzjklyz' , K_VALUE 'yzmnoabc' , K_VALUE 'yzmnodef' , K_VALUE 'yzmnoghi' , K_VALUE 'yzmnojkl' , K_VALUE 'yzmnomno' , K_VALUE 'yzmnopqr' , K_VALUE 'yzmnostu' , K_VALUE 'yzmnovwx' , K_VALUE 'yzmnoyz' , K_VALUE 'yzpqrabc' , K_VALUE 'yzpqrdef' , K_VALUE 'yzpqrghi' , K_VALUE 'yzpqrjkl' , K_VALUE 'yzpqrmno' , K_VALUE 'yzpqrpqr' , K_VALUE 'yzpqrstu' , K_VALUE 'yzpqrvwx' , K_VALUE 'yzpqryz' , K_VALUE 'yzstuabc' , K_VALUE 'yzstudef' , K_VALUE 'yzstughi' , K_VALUE 'yzstujkl' , K_VALUE 'yzstumno' , K_VALUE 'yzstupqr' , K_VALUE 'yzstustu' , K_VALUE 'yzstuvwx' , K_VALUE 'yzstuyz' , K_VALUE 'yzvwxabc' , K_VALUE 'yzvwxdef' , K_VALUE 'yzvwxghi' , K_VALUE 'yzvwxjkl' , K_VALUE 'yzvwxmno' , K_VALUE 'yzvwxpqr' , K_VALUE 'yzvwxstu' , K_VALUE 'yzvwxvwx' , K_VALUE 'yzvwxyz' , K_VALUE 'yzyzabc' , K_VALUE 'yzyzdef' , K_VALUE 'yzyzghi' , K_VALUE 'yzyzjkl' , K_VALUE 'yzyzmno' , K_VALUE 'yzyzpqr' , K_VALUE 'yzyzstu' , K_VALUE 'yzyzvwx' K_VALUE 'yzyzyz'