SELECT . COTATION dte
FROM , COTATION ACTION
WHERE AND K_JEQ . COTATION isin . ACTION isin < . COTATION dte K_VALUE 93303526682676960