SELECT . COTATION dte
FROM , COTATION ACTION
WHERE AND K_JEQ . COTATION isin . ACTION isin > . COTATION dte TO_DATE K_VALUE '10/09/2012'