SELECT . table_1 champ_1
FROM , table_1 table_6
WHERE AND K_JEQ . table_6 champ_1 . table_1 champ_1 IN . table_1 champ_1 , K_VALUE 'mnomnoyz' , K_VALUE 'mnopqrabc' , K_VALUE 'mnopqrdef' , K_VALUE 'mnopqrghi' , K_VALUE 'mnopqrjkl' , K_VALUE 'mnopqrmno' , K_VALUE 'mnopqrpqr' , K_VALUE 'mnopqrstu' , K_VALUE 'mnopqrvwx' , K_VALUE 'mnopqryz' , K_VALUE 'mnostuabc' , K_VALUE 'mnostudef' , K_VALUE 'mnostughi' , K_VALUE 'mnostujkl' , K_VALUE 'mnostumno' , K_VALUE 'mnostupqr' , K_VALUE 'mnostustu' , K_VALUE 'mnostuvwx' , K_VALUE 'mnostuyz' , K_VALUE 'mnovwxabc' , K_VALUE 'mnovwxdef' , K_VALUE 'mnovwxghi' , K_VALUE 'mnovwxjkl' , K_VALUE 'mnovwxmno' , K_VALUE 'mnovwxpqr' , K_VALUE 'mnovwxstu' , K_VALUE 'mnovwxvwx' , K_VALUE 'mnovwxyz' , K_VALUE 'mnoyzabc' , K_VALUE 'mnoyzdef' , K_VALUE 'mnoyzghi' , K_VALUE 'mnoyzjkl' , K_VALUE 'mnoyzmno' , K_VALUE 'mnoyzpqr' , K_VALUE 'mnoyzstu' , K_VALUE 'mnoyzvwx' , K_VALUE 'mnoyzyz' , K_VALUE 'pqrabcabc' , K_VALUE 'pqrabcdef' , K_VALUE 'pqrabcghi' , K_VALUE 'pqrabcjkl' , K_VALUE 'pqrabcmno' , K_VALUE 'pqrabcpqr' , K_VALUE 'pqrabcstu' , K_VALUE 'pqrabcvwx' , K_VALUE 'pqrabcyz' , K_VALUE 'pqrdefabc' , K_VALUE 'pqrdefdef' , K_VALUE 'pqrdefghi' , K_VALUE 'pqrdefjkl' , K_VALUE 'pqrdefmno' , K_VALUE 'pqrdefpqr' , K_VALUE 'pqrdefstu' , K_VALUE 'pqrdefvwx' , K_VALUE 'pqrdefyz' , K_VALUE 'pqrghiabc' , K_VALUE 'pqrghidef' , K_VALUE 'pqrghighi' , K_VALUE 'pqrghijkl' , K_VALUE 'pqrghimno' , K_VALUE 'pqrghipqr' , K_VALUE 'pqrghistu' , K_VALUE 'pqrghivwx' , K_VALUE 'pqrghiyz' , K_VALUE 'pqrjklabc' , K_VALUE 'pqrjkldef' , K_VALUE 'pqrjklghi' , K_VALUE 'pqrjkljkl' , K_VALUE 'pqrjklmno' , K_VALUE 'pqrjklpqr' , K_VALUE 'pqrjklstu' , K_VALUE 'pqrjklvwx' , K_VALUE 'pqrjklyz' , K_VALUE 'pqrmnoabc' K_VALUE 'pqrmnodef'