FROM table_4
WHERE AND K_JNO K_INNER . table_4 ID IN . table_4 val_1 , K_VALUE 0 , K_VALUE 1 , K_VALUE 2 , K_VALUE 3 , K_VALUE 4 , K_VALUE 5 , K_VALUE 6 , K_VALUE 7 , K_VALUE 8 , K_VALUE 9 , K_VALUE 10 , K_VALUE 11 , K_VALUE 12 , K_VALUE 13 , K_VALUE 14 , K_VALUE 15 , K_VALUE 16 , K_VALUE 17 , K_VALUE 18 , K_VALUE 19 , K_VALUE 20 , K_VALUE 21 , K_VALUE 22 , K_VALUE 23 , K_VALUE 24 , K_VALUE 25 , K_VALUE 26 , K_VALUE 27 , K_VALUE 28 , K_VALUE 29 , K_VALUE 30 , K_VALUE 31 , K_VALUE 32 , K_VALUE 33 , K_VALUE 34 , K_VALUE 35 , K_VALUE 36 , K_VALUE 37 , K_VALUE 38 , K_VALUE 39 , K_VALUE 40 , K_VALUE 41 , K_VALUE 42 , K_VALUE 43 , K_VALUE 44 , K_VALUE 45 , K_VALUE 46 , K_VALUE 47 , K_VALUE 48 , K_VALUE 49 , K_VALUE 50 , K_VALUE 51 , K_VALUE 52 , K_VALUE 53 , K_VALUE 54 , K_VALUE 55 , K_VALUE 56 , K_VALUE 57 , K_VALUE 58 , K_VALUE 59 , K_VALUE 60 , K_VALUE 61 , K_VALUE 62 , K_VALUE 63 , K_VALUE 64 , K_VALUE 65 , K_VALUE 66 , K_VALUE 67 , K_VALUE 68 , K_VALUE 69 , K_VALUE 70 , K_VALUE 71 , K_VALUE 72 , K_VALUE 73 , K_VALUE 74 , K_VALUE 75 , K_VALUE 76 , K_VALUE 77 , K_VALUE 78 , K_VALUE 79 , K_VALUE 80 , K_VALUE 81 , K_VALUE 82 , K_VALUE 83 , K_VALUE 84 , K_VALUE 85 , K_VALUE 86 , K_VALUE 87 , K_VALUE 88 , K_VALUE 89 , K_VALUE 90 , K_VALUE 91 , K_VALUE 92 , K_VALUE 93 , K_VALUE 94 , K_VALUE 95 , K_VALUE 96 , K_VALUE 97 , K_VALUE 98 , K_VALUE 99 , K_VALUE 100 , K_VALUE 101 , K_VALUE 102 , K_VALUE 103 , K_VALUE 104 , K_VALUE 105 , K_VALUE 106 , K_VALUE 107 , K_VALUE 108 , K_VALUE 109 , K_VALUE 110 , K_VALUE 111 , K_VALUE 112 , K_VALUE 113 , K_VALUE 114 , K_VALUE 115 , K_VALUE 116 , K_VALUE 117 , K_VALUE 118 , K_VALUE 119 , K_VALUE 120 , K_VALUE 121 , K_VALUE 122 , K_VALUE 123 , K_VALUE 124 , K_VALUE 125 , K_VALUE 126 , K_VALUE 127 , K_VALUE 128 , K_VALUE 129 , K_VALUE 130 , K_VALUE 131 , K_VALUE 132 , K_VALUE 133 , K_VALUE 134 , K_VALUE 135 , K_VALUE 136 , K_VALUE 137 , K_VALUE 138 , K_VALUE 139 , K_VALUE 140 , K_VALUE 141 , K_VALUE 142 , K_VALUE 143 , K_VALUE 144 , K_VALUE 145 , K_VALUE 146 , K_VALUE 147 , K_VALUE 148 , K_VALUE 149 , K_VALUE 150 , K_VALUE 151 , K_VALUE 152 , K_VALUE 153 , K_VALUE 154 , K_VALUE 155 , K_VALUE 156 , K_VALUE 157 , K_VALUE 158 , K_VALUE 159 , K_VALUE 160 , K_VALUE 161 , K_VALUE 162 , K_VALUE 163 , K_VALUE 164 , K_VALUE 165 , K_VALUE 166 , K_VALUE 167 , K_VALUE 168 , K_VALUE 169 , K_VALUE 170 , K_VALUE 171 , K_VALUE 172 , K_VALUE 173 , K_VALUE 174 , K_VALUE 175 , K_VALUE 176 , K_VALUE 177 , K_VALUE 178 , K_VALUE 179 , K_VALUE 180 , K_VALUE 181 , K_VALUE 182 , K_VALUE 183 , K_VALUE 184 , K_VALUE 185 , K_VALUE 186 , K_VALUE 187 , K_VALUE 188 , K_VALUE 189 , K_VALUE 190 , K_VALUE 191 , K_VALUE 192 , K_VALUE 193 , K_VALUE 194 , K_VALUE 195 , K_VALUE 196 , K_VALUE 197 , K_VALUE 198 K_VALUE 199