
My Error message  :  error 006
Error : No such file or directory 
