; Num_table : 1   ; Num_table : 2     ; Count
21 
21 
 ; 1722   ; 82  ; 1
 ; 1723   ; 82  ; 1
 ; 1724   ; 82  ; 1
 ; 1725   ; 82  ; 1
 ; 1726   ; 82  ; 1
 ; 1727   ; 82  ; 1
 ; 1728   ; 82  ; 1
 ; 1729   ; 82  ; 1
 ; 1730   ; 82  ; 1
 ; 1731   ; 82  ; 1
 ; 1732   ; 82  ; 1
 ; 1733   ; 82  ; 1
 ; 1734   ; 82  ; 1
 ; 1735   ; 82  ; 1
 ; 1736   ; 82  ; 1
 ; 1737   ; 82  ; 1
 ; 1738   ; 82  ; 1
 ; 1739   ; 82  ; 1
 ; 1740   ; 82  ; 1
 ; 1741   ; 82  ; 1
 ; 1742   ; 82  ; 1
