; Num_table : 1     ; Count
17 
11 
 ; 2  ; 1
 ; 1  ; 1
 ; 13  ; 2
 ; 15  ; 1
 ; 0  ; 1
 ; 5  ; 1
 ; 7  ; 3
 ; 16  ; 1
 ; 10  ; 3
 ; 3  ; 2
 ; 6  ; 1
