; table_1.champ_1; AVG table_1.val_1; Count
; abcabcabc; 133; 1
; abcabcdef; 54; 1
; abcabcghi; 345; 1
; abcabcjkl; 283; 1
; abcabcmno; 162; 1
; abcabcpqr; 160; 1
