; TestTable1.Name; NVL TestTable1.Name; Count
; Alice; Alice; 1
; Bob; Bob; 1
; Caesar; Caesar; 1
; John; John; 1
; Mary; Mary; 1
; Nan; Nan; 1
; Pietr; Pietr; 1
; Stan; Stan; 3
; Steve; Steve; 2
; Sunny; Sunny; 1
; NULL; NOT FOUND!; 1
