; Num_table : 1     ; Count
12 
7 
 ; 0  ; 1
 ; 5  ; 1
 ; 7  ; 3
 ; 16  ; 1
 ; 10  ; 3
 ; 3  ; 2
 ; 6  ; 1
