SELECT . People City
FROM People
WHERE = . People City K_VALUE 'NewYork'