; table_1.val_1; Count
; 2; 817950
; 3; 850734
; 5; 792000
; 8; 723185
; 11; 10132
