; table_1.champ_2; Count
; abcghighi; 115237
; defghighi; 114694
; ghighiabc; 61895
; ghighidef; 128524
; ghighighi; 120200
; ghighijkl; 177371
; ghighimno; 225112
; ghighipqr; 95056
; ghighistu; 204624
; ghighivwx; 62393
; ghighiyz; 92523
; jklghighi; 92217
; mnoghighi; 147024
; pqrghighi; 147561
; stughighi; 89615
; vwxghighi; 9966
; yzghighi; 136465
