SELECT , . table_1 champ_2 . table_2 champ_1
FROM , table_1 table_2
WHERE AND AND K_JEQ K_INNER . TABLE_2 VAL_1 K_INNER . TABLE_1 VAL_1 K_FALSE = . table_2 champ_1 K_VALUE 'abcabcpqr'