SELECT , . table_1 champ_2 . table_2 champ_1
FROM , table_1 table_2
WHERE AND AND K_JEQ . table_2 val_1 . table_1 val_1 LIKE . table_1 champ_2 K_VALUE '%a%c%d' = . table_2 champ_1 K_VALUE 'abcabcpqr'