SELECT , , . TW_FLUX_QUOTIDIEN_HEBDO_DIAG seq_indicateur . TW_FLUX_QUOTIDIEN_HEBDO_DIAG seq_caf_histo . TW_FLUX_QUOTIDIEN_HEBDO_DIAG SEQ_PRODUIT
FROM , TW_FLUX_QUOTIDIEN_HEBDO_DIAG TD_HEBDO_CALENDRIER
WHERE AND K_JEQ K_INNER . TW_FLUX_QUOTIDIEN_HEBDO_DIAG SEQ_SEM_COURT K_INNER . TD_HEBDO_CALENDRIER SEQ_SEM_COURT = . TW_FLUX_QUOTIDIEN_HEBDO_DIAG SEQ_PRODUIT K_VALUE 'AD4208'