; Num_table : 1     ; Count
133 
1 
 ; 10  ; 133
