; Num_table : 1     ; Count
1330 
10 
 ; 0  ; 133
 ; 1  ; 133
 ; 2  ; 133
 ; 3  ; 133
 ; 4  ; 133
 ; 5  ; 133
 ; 6  ; 133
 ; 7  ; 133
 ; 8  ; 133
 ; 9  ; 133
