; Num_table : 1     ; Count
24590 
2 
 ; 822  ; 14507
 ; 982  ; 10083
