SELECT . TW_FLUX_QUOTIDIEN_HEBDO_DIAG SEQ_PRODUIT
FROM , TW_FLUX_QUOTIDIEN_HEBDO_DIAG TD_HEBDO_CALENDRIER
WHERE K_JEQ . TW_FLUX_QUOTIDIEN_HEBDO_DIAG SEQ_SEM_COURT . TD_HEBDO_CALENDRIER SEQ_SEM_COURT 