; Num_table : 1     ; Count
37761 
1 
 ; 44  ; 37761
