SELECT , , . COTATION ouv . COTATION isin . COTATION dte
FROM , COTATION ACTION
WHERE K_JEQ . COTATION isin . ACTION isin 