SELECT , + + TO_CHAR . COTATION dte K_VALUE ' some data ' . COTATION isin SUBSTRING , TO_CHAR . COTATION ouv , K_VALUE 1 K_VALUE 4
FROM , COTATION ACTION
WHERE K_JEQ . COTATION isin . ACTION isin 