SELECT TO_CHAR . COTATION dte K_VALUE 'YYYYMM'
FROM , COTATION ACTION
WHERE K_JEQ . COTATION isin . ACTION isin