SELECT . COTATION dte
FROM , COTATION ACTION
WHERE K_JEQ K_INNER . COTATION isin K_INNER . ACTION isin 