; table_1.champ_1; table_1.champ_2; Count
; ghiabcstu; abcpqrpqr; 295
; jklyzghi; yzmnodef; 264
; pqrmnovwx; yzpqrghi; 264
